// Jest Snapshot v1, https://goo.gl/fbAQLP

exports[`getTeacher 1`] = `
Object {
  "id": "4",
  "name": "Gonzalo",
  "option_ids": Array [
    "7",
    "8",
    "22",
  ],
  "options": Array [
    Object {
      "day": "Miercoles",
      "id": "7",
      "teacher_id": "4",
      "teacher_name": "Gonzalo",
      "time": "13:00 - 14:00",
      "url": "https://meet.google.com/ukv-avjt-qiy",
      "workshop_id": "3",
      "workshop_name": "Conversation",
    },
    Object {
      "day": "Jueves",
      "id": "8",
      "teacher_id": "4",
      "teacher_name": "Gonzalo",
      "time": "13:00 - 14:00",
      "url": "https://meet.google.com/ukv-avjt-qiy",
      "workshop_id": "3",
      "workshop_name": "Conversation",
    },
    Object {
      "day": "Martes",
      "id": "22",
      "teacher_id": "4",
      "teacher_name": "Gonzalo",
      "time": "13:00 - 14:00",
      "url": "https://meet.google.com/kux-jhii-eyi",
      "workshop_id": "4",
      "workshop_name": "Tutoring",
    },
  ],
}
`;
